// Jest Snapshot v1, https://goo.gl/fbAQLP

exports[`supports fragments 1`] = `
<DocumentFragment>
  <atl-fragment
    class="ng-scope ng-isolate-scope"
  >
    
      
    <div>
      
        
      <code>
        DocumentFragment
      </code>
       is pretty cool!
      
    </div>
    
    
  </atl-fragment>
</DocumentFragment>
`;
